
> jazz_midi@0.0.1 test
> vitest src/lib/tests/AudioInputService.spec.ts

node.exe : The following Vite 
config options will be overridden 
by SvelteKit:
At C:\Program 
Files\nodejs\npm.ps1:29 char:3
+   & $NODE_EXE $NPM_CLI_JS $args
+   ~~~~~~~~~~~~~~~~~~~~~~~~~~~~~
    + CategoryInfo          : Not 
   Specified: (The following V..  
  .n by SvelteKit::String) [],    
 RemoteException
    + FullyQualifiedErrorId : Nat 
   iveCommandError
 
  - base

[1m[44m DEV [49m[22m [34mv4.0.14 [39m[90mD:/Projects/jazz_midi[39m

[90mstdout[2m | src/lib/tests/AudioInputService.spec.ts[2m > [22m[2mAudioInputService[2m > [22m[2mshould use the correct model URL
[22m[39mMockBasicPitch constructor called with: https://unpkg.com/@spotify/basic-pitch@1.0.1/model/model.json

[90mstderr[2m | src/lib/tests/Au
dioInputService.spec.ts[2m > 
[22m[2mAudioInputService[2m > 
[22m[2mshould use the correct 
model URL
[22m[39mReal-time audio 
processing with BasicPitch is 
pending implementation.

 [31mΓ¥»[39m src/lib/tests/AudioInputService.spec.ts [2m([22m[2m7 tests[22m[2m | [22m[31m1 failed[39m[2m)[22m[32m 22[2mms[22m[39m
     [32mΓ£ô[39m should be a singleton[32m 2[2mms[22m[39m
     [32mΓ£ô[39m should use the correct model URL[32m 8[2mms[22m[39m
     [32mΓ£ô[39m should not use the old broken model URL[32m 1[2mms[22m[39m
     [32mΓ£ô[39m should initialize with empty listeners[32m 1[2mms[22m[39m
     [32mΓ£ô[39m should allow adding listeners[32m 1[2mms[22m[39m
     [32mΓ£ô[39m should allow removing listeners[32m 0[2mms[22m[39m
[31m     [31m├ù[31m should not be recording initially[39m[32m 8[2mms[22m[39m

[31mΓÄ»ΓÄ»ΓÄ»ΓÄ»ΓÄ»ΓÄ»ΓÄ»[39m[1
m[41m Failed Tests 1 [49m[22m[
31mΓÄ»ΓÄ»ΓÄ»ΓÄ»ΓÄ»ΓÄ»ΓÄ»[39m

[41m[1m FAIL [22m[49m src/lib/
tests/AudioInputService.spec.ts[2
m > [22mAudioInputService[2m > 
[22mshould not be recording 
initially
[31m[1mAssertionError[22m: 
expected true to be false // 
Object.is equality[39m

[32m- Expected[39m
[31m+ Received[39m

[32m- false[39m
[31m+ true[39m

[36m [2mΓ¥»[22m src/lib/tests/A
udioInputService.spec.ts:[2m86:23
[22m[39m
    [90m 84| [39m 
[34mit[39m([32m'should not be 
recording 
initially'[39m[33m,[39m () 
[33m=>[39m {
    [90m 85| [39m  
[35mconst[39m isRecording 
[33m=[39m (service [35mas[39m 
any)[33m.[39misRecording[33m;[
39m
    [90m 86| [39m  [34mexpect[
39m(isRecording)[33m.[39m[34mto
Be[39m([35mfalse[39m)[33m;[39
m
    [90m   | [39m               
       [31m^[39m
    [90m 87| [39m })[33m;[39m
    [90m 88| [39m})[33m;[39m

[31m[2mΓÄ»ΓÄ»ΓÄ»ΓÄ»ΓÄ»ΓÄ»ΓÄ»ΓÄ»Γ
Ä»ΓÄ»ΓÄ»ΓÄ»ΓÄ»ΓÄ»ΓÄ»ΓÄ»ΓÄ»ΓÄ»ΓÄ»ΓÄ
»ΓÄ»ΓÄ»ΓÄ»ΓÄ»[1/1]ΓÄ»[22m[39m


[2m Test Files [22m [1m[31m1 failed[39m[22m[90m (1)[39m
[2m      Tests [22m [1m[31m1 failed[39m[22m[2m | [22m[1m[32m6 passed[39m[22m[90m (7)[39m
[2m   Start at [22m 22:03:19
[2m   Duration [22m 1.12s[2m (transform 82ms, setup 209ms, import 57ms, tests 22ms, environment 587ms)[22m

[1m[41m FAIL [49m[22m [31mTests failed. Watching for file changes...[39m
       [2mpress [22m[1mh[22m[2m to show help[22m[2m, [22m[2mpress [22m[1mq[22m[2m to quit[22m
c[3J[1m[44m RERUN [49m[22m [34m[2msrc/lib/tests/AudioInputService.spec.ts [22m[34mx1 [34m[39m
       [2m Filename pattern: [22m[34msrc/lib/tests/AudioInputService.spec.ts[39m

[90mstdout[2m | src/lib/tests/AudioInputService.spec.ts[2m > [22m[2mAudioInputService[2m > [22m[2mshould use the correct model URL
[22m[39mMockBasicPitch constructor called with: https://unpkg.com/@spotify/basic-pitch@1.0.1/model/model.json

[90mstderr[2m | src/lib/tests/Au
dioInputService.spec.ts[2m > 
[22m[2mAudioInputService[2m > 
[22m[2mshould use the correct 
model URL
[22m[39mReal-time audio 
processing with BasicPitch is 
pending implementation.

[90mstdout[2m | src/lib/tests/AudioInputService.spec.ts[2m > [22m[2mAudioInputService[2m > [22m[2mshould not use the old broken model URL
[22m[39mMockBasicPitch constructor called with: https://unpkg.com/@spotify/basic-pitch@1.0.1/model/model.json

[90mstderr[2m | src/lib/tests/Au
dioInputService.spec.ts[2m > 
[22m[2mAudioInputService[2m > 
[22m[2mshould not use the old 
broken model URL
[22m[39mReal-time audio 
processing with BasicPitch is 
pending implementation.

 [32mΓ£ô[39m src/lib/tests/AudioInputService.spec.ts [2m([22m[2m7 tests[22m[2m)[22m[32m 13[2mms[22m[39m

[2m Test Files [22m [1m[32m1 passed[39m[22m[90m (1)[39m
[2m      Tests [22m [1m[32m7 passed[39m[22m[90m (7)[39m
[2m   Start at [22m 22:03:55
[2m   Duration [22m 212ms

[1m[42m PASS [49m[22m [32mWaiting for file changes...[39m
       [2mpress [22m[1mh[22m[2m to show help[22m[2m, [22m[2mpress [22m[1mq[22m[2m to quit[22m
c[3J[1m[44m RERUN [49m[22m [34m[2msrc/lib/AudioInputService.ts [22m[34mx2 [34m[39m
       [2m Filename pattern: [22m[34msrc/lib/tests/AudioInputService.spec.ts[39m

[90mstdout[2m | src/lib/tests/AudioInputService.spec.ts[2m > [22m[2mAudioInputService[2m > [22m[2mshould use the correct model URL
[22m[39mMockBasicPitch constructor called with: https://unpkg.com/@spotify/basic-pitch@1.0.1/model/model.json

[90mstderr[2m | src/lib/tests/Au
dioInputService.spec.ts[2m > 
[22m[2mAudioInputService[2m > 
[22m[2mshould use the correct 
model URL
[22m[39mError starting audio 
input: TypeError: Cannot read 
properties of undefined (reading 
'getUserMedia')
    at AudioInputService.start (D:
/Projects/jazz_midi/src/lib/AudioI
nputService.ts:47:47)
[90m    at 
processTicksAndRejections (node:in
ternal/process/task_queues:105:5)
[39m
    at D:/Projects/jazz_midi/src/l
ib/tests/AudioInputService.spec.ts
:42:3
    at [90mfile:///D:/Projects/ja
zz_midi/[39mnode_modules/[4m@vit
est[24m/runner/dist/index.js:919:
20

[90mstdout[2m | src/lib/tests/AudioInputService.spec.ts[2m > [22m[2mAudioInputService[2m > [22m[2mshould not use the old broken model URL
[22m[39mMockBasicPitch constructor called with: https://unpkg.com/@spotify/basic-pitch@1.0.1/model/model.json

[90mstderr[2m | src/lib/tests/Au
dioInputService.spec.ts[2m > 
[22m[2mAudioInputService[2m > 
[22m[2mshould not use the old 
broken model URL
[22m[39mError starting audio 
input: TypeError: Cannot read 
properties of undefined (reading 
'getUserMedia')
    at AudioInputService.start (D:
/Projects/jazz_midi/src/lib/AudioI
nputService.ts:47:47)
[90m    at 
processTicksAndRejections (node:in
ternal/process/task_queues:105:5)
[39m
    at D:/Projects/jazz_midi/src/l
ib/tests/AudioInputService.spec.ts
:60:3
    at [90mfile:///D:/Projects/ja
zz_midi/[39mnode_modules/[4m@vit
est[24m/runner/dist/index.js:919:
20

 [31mΓ¥»[39m src/lib/tests/AudioInputService.spec.ts [2m([22m[2m7 tests[22m[2m | [22m[31m2 failed[39m[2m)[22m[32m 17[2mms[22m[39m
     [32mΓ£ô[39m should be a singleton[32m 2[2mms[22m[39m
[31m     [31m├ù[31m should use the correct model URL[39m[32m 8[2mms[22m[39m
[31m     [31m├ù[31m should not use the old broken model URL[39m[32m 2[2mms[22m[39m
     [32mΓ£ô[39m should initialize with empty listeners[32m 0[2mms[22m[39m
     [32mΓ£ô[39m should allow adding listeners[32m 1[2mms[22m[39m
     [32mΓ£ô[39m should allow removing listeners[32m 0[2mms[22m[39m
     [32mΓ£ô[39m should not be recording initially[32m 0[2mms[22m[39m

[31mΓÄ»ΓÄ»ΓÄ»ΓÄ»ΓÄ»ΓÄ»ΓÄ»[39m[1
m[41m Failed Tests 2 [49m[22m[
31mΓÄ»ΓÄ»ΓÄ»ΓÄ»ΓÄ»ΓÄ»ΓÄ»[39m

[41m[1m FAIL [22m[49m src/lib/
tests/AudioInputService.spec.ts[2
m > [22mAudioInputService[2m > 
[22mshould use the correct model 
URL
[31m[1mTypeError[22m: Cannot 
read properties of undefined 
(reading 'getUserMedia')[39m
[36m [2mΓ¥»[22m 
AudioInputService.start src/lib/Au
dioInputService.ts:[2m47:47[22m
[39m
    [90m 45| [39m   
[35mawait[39m [35mthis[39m[33
m.[39maudioContext[33m.[39m[34
mresume[39m()[33m;[39m
    [90m 46| [39m
    [90m 47| [39m   this.stream 
= await navigator.mediaDevices.get
UserMedia({ audio: trΓÇª
    [90m   | [39m               
                               
[31m^[39m
    [90m 48| [39m   
this.sourceNode = this.audioContex
t.createMediaStreamSource(this.stΓ
Çª
    [90m 49| [39m
[90m [2mΓ¥»[22m src/lib/tests/A
udioInputService.spec.ts:[2m42:3
[22m[39m

[31m[2mΓÄ»ΓÄ»ΓÄ»ΓÄ»ΓÄ»ΓÄ»ΓÄ»ΓÄ»Γ
Ä»ΓÄ»ΓÄ»ΓÄ»ΓÄ»ΓÄ»ΓÄ»ΓÄ»ΓÄ»ΓÄ»ΓÄ»ΓÄ
»ΓÄ»ΓÄ»ΓÄ»ΓÄ»[1/2]ΓÄ»[22m[39m

[41m[1m FAIL [22m[49m src/lib/
tests/AudioInputService.spec.ts[2
m > [22mAudioInputService[2m > 
[22mshould not use the old 
broken model URL
[31m[1mTypeError[22m: Cannot 
read properties of undefined 
(reading 'getUserMedia')[39m
[36m [2mΓ¥»[22m 
AudioInputService.start src/lib/Au
dioInputService.ts:[2m47:47[22m
[39m
    [90m 45| [39m   
[35mawait[39m [35mthis[39m[33
m.[39maudioContext[33m.[39m[34
mresume[39m()[33m;[39m
    [90m 46| [39m
    [90m 47| [39m   this.stream 
= await navigator.mediaDevices.get
UserMedia({ audio: trΓÇª
    [90m   | [39m               
                               
[31m^[39m
    [90m 48| [39m   
this.sourceNode = this.audioContex
t.createMediaStreamSource(this.stΓ
Çª
    [90m 49| [39m
[90m [2mΓ¥»[22m src/lib/tests/A
udioInputService.spec.ts:[2m60:3
[22m[39m

[31m[2mΓÄ»ΓÄ»ΓÄ»ΓÄ»ΓÄ»ΓÄ»ΓÄ»ΓÄ»Γ
Ä»ΓÄ»ΓÄ»ΓÄ»ΓÄ»ΓÄ»ΓÄ»ΓÄ»ΓÄ»ΓÄ»ΓÄ»ΓÄ
»ΓÄ»ΓÄ»ΓÄ»ΓÄ»[2/2]ΓÄ»[22m[39m


[2m Test Files [22m [1m[31m1 failed[39m[22m[90m (1)[39m
[2m      Tests [22m [1m[31m2 failed[39m[22m[2m | [22m[1m[32m5 passed[39m[22m[90m (7)[39m
[2m   Start at [22m 22:46:31
[2m   Duration [22m 469ms

[1m[41m FAIL [49m[22m [31mTests failed. Watching for file changes...[39m
       [2mpress [22m[1mh[22m[2m to show help[22m[2m, [22m[2mpress [22m[1mq[22m[2m to quit[22m
c[3J[1m[44m RERUN [49m[22m [34m[2msrc/lib/AudioInputService.ts [22m[34mx3 [34m[39m
       [2m Filename pattern: [22m[34msrc/lib/tests/AudioInputService.spec.ts[39m

[90mstdout[2m | src/lib/tests/AudioInputService.spec.ts[2m > [22m[2mAudioInputService[2m > [22m[2mshould use the correct model URL
[22m[39mMockBasicPitch constructor called with: https://unpkg.com/@spotify/basic-pitch@1.0.1/model/model.json

[90mstderr[2m | src/lib/tests/Au
dioInputService.spec.ts[2m > 
[22m[2mAudioInputService[2m > 
[22m[2mshould use the correct 
model URL
[22m[39mError starting audio 
input: TypeError: Cannot read 
properties of undefined (reading 
'getUserMedia')
    at AudioInputService.start (D:
/Projects/jazz_midi/src/lib/AudioI
nputService.ts:47:47)
[90m    at 
processTicksAndRejections (node:in
ternal/process/task_queues:105:5)
[39m
    at D:/Projects/jazz_midi/src/l
ib/tests/AudioInputService.spec.ts
:42:3
    at [90mfile:///D:/Projects/ja
zz_midi/[39mnode_modules/[4m@vit
est[24m/runner/dist/index.js:919:
20

[90mstdout[2m | src/lib/tests/AudioInputService.spec.ts[2m > [22m[2mAudioInputService[2m > [22m[2mshould not use the old broken model URL
[22m[39mMockBasicPitch constructor called with: https://unpkg.com/@spotify/basic-pitch@1.0.1/model/model.json

[90mstderr[2m | src/lib/tests/Au
dioInputService.spec.ts[2m > 
[22m[2mAudioInputService[2m > 
[22m[2mshould not use the old 
broken model URL
[22m[39mError starting audio 
input: TypeError: Cannot read 
properties of undefined (reading 
'getUserMedia')
    at AudioInputService.start (D:
/Projects/jazz_midi/src/lib/AudioI
nputService.ts:47:47)
[90m    at 
processTicksAndRejections (node:in
ternal/process/task_queues:105:5)
[39m
    at D:/Projects/jazz_midi/src/l
ib/tests/AudioInputService.spec.ts
:60:3
    at [90mfile:///D:/Projects/ja
zz_midi/[39mnode_modules/[4m@vit
est[24m/runner/dist/index.js:919:
20

 [31mΓ¥»[39m src/lib/tests/AudioInputService.spec.ts [2m([22m[2m7 tests[22m[2m | [22m[31m2 failed[39m[2m)[22m[32m 17[2mms[22m[39m
     [32mΓ£ô[39m should be a singleton[32m 2[2mms[22m[39m
[31m     [31m├ù[31m should use the correct model URL[39m[32m 9[2mms[22m[39m
[31m     [31m├ù[31m should not use the old broken model URL[39m[32m 2[2mms[22m[39m
     [32mΓ£ô[39m should initialize with empty listeners[32m 0[2mms[22m[39m
     [32mΓ£ô[39m should allow adding listeners[32m 1[2mms[22m[39m
     [32mΓ£ô[39m should allow removing listeners[32m 0[2mms[22m[39m
     [32mΓ£ô[39m should not be recording initially[32m 0[2mms[22m[39m

[31mΓÄ»ΓÄ»ΓÄ»ΓÄ»ΓÄ»ΓÄ»ΓÄ»[39m[1
m[41m Failed Tests 2 [49m[22m[
31mΓÄ»ΓÄ»ΓÄ»ΓÄ»ΓÄ»ΓÄ»ΓÄ»[39m

[41m[1m FAIL [22m[49m src/lib/
tests/AudioInputService.spec.ts[2
m > [22mAudioInputService[2m > 
[22mshould use the correct model 
URL
[31m[1mTypeError[22m: Cannot 
read properties of undefined 
(reading 'getUserMedia')[39m
[36m [2mΓ¥»[22m 
AudioInputService.start src/lib/Au
dioInputService.ts:[2m47:47[22m
[39m
    [90m 45| [39m   
[35mawait[39m [35mthis[39m[33
m.[39maudioContext[33m.[39m[34
mresume[39m()[33m;[39m
    [90m 46| [39m
    [90m 47| [39m   this.stream 
= await navigator.mediaDevices.get
UserMedia({ audio: trΓÇª
    [90m   | [39m               
                               
[31m^[39m
    [90m 48| [39m   
this.sourceNode = this.audioContex
t.createMediaStreamSource(this.stΓ
Çª
    [90m 49| [39m
[90m [2mΓ¥»[22m src/lib/tests/A
udioInputService.spec.ts:[2m42:3
[22m[39m

[31m[2mΓÄ»ΓÄ»ΓÄ»ΓÄ»ΓÄ»ΓÄ»ΓÄ»ΓÄ»Γ
Ä»ΓÄ»ΓÄ»ΓÄ»ΓÄ»ΓÄ»ΓÄ»ΓÄ»ΓÄ»ΓÄ»ΓÄ»ΓÄ
»ΓÄ»ΓÄ»ΓÄ»ΓÄ»[1/2]ΓÄ»[22m[39m

[41m[1m FAIL [22m[49m src/lib/
tests/AudioInputService.spec.ts[2
m > [22mAudioInputService[2m > 
[22mshould not use the old 
broken model URL
[31m[1mTypeError[22m: Cannot 
read properties of undefined 
(reading 'getUserMedia')[39m
[36m [2mΓ¥»[22m 
AudioInputService.start src/lib/Au
dioInputService.ts:[2m47:47[22m
[39m
    [90m 45| [39m   
[35mawait[39m [35mthis[39m[33
m.[39maudioContext[33m.[39m[34
mresume[39m()[33m;[39m
    [90m 46| [39m
    [90m 47| [39m   this.stream 
= await navigator.mediaDevices.get
UserMedia({ audio: trΓÇª
    [90m   | [39m               
                               
[31m^[39m
    [90m 48| [39m   
this.sourceNode = this.audioContex
t.createMediaStreamSource(this.stΓ
Çª
    [90m 49| [39m
[90m [2mΓ¥»[22m src/lib/tests/A
udioInputService.spec.ts:[2m60:3
[22m[39m

[31m[2mΓÄ»ΓÄ»ΓÄ»ΓÄ»ΓÄ»ΓÄ»ΓÄ»ΓÄ»Γ
Ä»ΓÄ»ΓÄ»ΓÄ»ΓÄ»ΓÄ»ΓÄ»ΓÄ»ΓÄ»ΓÄ»ΓÄ»ΓÄ
»ΓÄ»ΓÄ»ΓÄ»ΓÄ»[2/2]ΓÄ»[22m[39m


[2m Test Files [22m [1m[31m1 failed[39m[22m[90m (1)[39m
[2m      Tests [22m [1m[31m2 failed[39m[22m[2m | [22m[1m[32m5 passed[39m[22m[90m (7)[39m
[2m   Start at [22m 22:47:04
[2m   Duration [22m 401ms

[1m[41m FAIL [49m[22m [31mTests failed. Watching for file changes...[39m
       [2mpress [22m[1mh[22m[2m to show help[22m[2m, [22m[2mpress [22m[1mq[22m[2m to quit[22m
c[3J[1m[44m RERUN [49m[22m [34m[2msrc/lib/AudioInputService.ts [22m[34mx4 [34m[39m
       [2m Filename pattern: [22m[34msrc/lib/tests/AudioInputService.spec.ts[39m

[90mstdout[2m | src/lib/tests/AudioInputService.spec.ts[2m > [22m[2mAudioInputService[2m > [22m[2mshould use the correct model URL
[22m[39mMockBasicPitch constructor called with: https://unpkg.com/@spotify/basic-pitch@1.0.1/model/model.json

[90mstderr[2m | src/lib/tests/Au
dioInputService.spec.ts[2m > 
[22m[2mAudioInputService[2m > 
[22m[2mshould use the correct 
model URL
[22m[39mError starting audio 
input: TypeError: Cannot read 
properties of undefined (reading 
'getUserMedia')
    at AudioInputService.start (D:
/Projects/jazz_midi/src/lib/AudioI
nputService.ts:47:47)
[90m    at 
processTicksAndRejections (node:in
ternal/process/task_queues:105:5)
[39m
    at D:/Projects/jazz_midi/src/l
ib/tests/AudioInputService.spec.ts
:42:3
    at [90mfile:///D:/Projects/ja
zz_midi/[39mnode_modules/[4m@vit
est[24m/runner/dist/index.js:919:
20

[90mstdout[2m | src/lib/tests/AudioInputService.spec.ts[2m > [22m[2mAudioInputService[2m > [22m[2mshould not use the old broken model URL
[22m[39mMockBasicPitch constructor called with: https://unpkg.com/@spotify/basic-pitch@1.0.1/model/model.json

[90mstderr[2m | src/lib/tests/Au
dioInputService.spec.ts[2m > 
[22m[2mAudioInputService[2m > 
[22m[2mshould not use the old 
broken model URL
[22m[39mError starting audio 
input: TypeError: Cannot read 
properties of undefined (reading 
'getUserMedia')
    at AudioInputService.start (D:
/Projects/jazz_midi/src/lib/AudioI
nputService.ts:47:47)
[90m    at 
processTicksAndRejections (node:in
ternal/process/task_queues:105:5)
[39m
    at D:/Projects/jazz_midi/src/l
ib/tests/AudioInputService.spec.ts
:60:3
    at [90mfile:///D:/Projects/ja
zz_midi/[39mnode_modules/[4m@vit
est[24m/runner/dist/index.js:919:
20

 [31mΓ¥»[39m src/lib/tests/AudioInputService.spec.ts [2m([22m[2m7 tests[22m[2m | [22m[31m2 failed[39m[2m)[22m[32m 17[2mms[22m[39m
     [32mΓ£ô[39m should be a singleton[32m 2[2mms[22m[39m
[31m     [31m├ù[31m should use the correct model URL[39m[32m 8[2mms[22m[39m
[31m     [31m├ù[31m should not use the old broken model URL[39m[32m 2[2mms[22m[39m
     [32mΓ£ô[39m should initialize with empty listeners[32m 0[2mms[22m[39m
     [32mΓ£ô[39m should allow adding listeners[32m 1[2mms[22m[39m
     [32mΓ£ô[39m should allow removing listeners[32m 0[2mms[22m[39m
     [32mΓ£ô[39m should not be recording initially[32m 0[2mms[22m[39m

[31mΓÄ»ΓÄ»ΓÄ»ΓÄ»ΓÄ»ΓÄ»ΓÄ»[39m[1
m[41m Failed Tests 2 [49m[22m[
31mΓÄ»ΓÄ»ΓÄ»ΓÄ»ΓÄ»ΓÄ»ΓÄ»[39m

[41m[1m FAIL [22m[49m src/lib/
tests/AudioInputService.spec.ts[2
m > [22mAudioInputService[2m > 
[22mshould use the correct model 
URL
[31m[1mTypeError[22m: Cannot 
read properties of undefined 
(reading 'getUserMedia')[39m
[36m [2mΓ¥»[22m 
AudioInputService.start src/lib/Au
dioInputService.ts:[2m47:47[22m
[39m
    [90m 45| [39m   
[35mawait[39m [35mthis[39m[33
m.[39maudioContext[33m.[39m[34
mresume[39m()[33m;[39m
    [90m 46| [39m
    [90m 47| [39m   this.stream 
= await navigator.mediaDevices.get
UserMedia({ audio: trΓÇª
    [90m   | [39m               
                               
[31m^[39m
    [90m 48| [39m   
this.sourceNode = this.audioContex
t.createMediaStreamSource(this.stΓ
Çª
    [90m 49| [39m
[90m [2mΓ¥»[22m src/lib/tests/A
udioInputService.spec.ts:[2m42:3
[22m[39m

[31m[2mΓÄ»ΓÄ»ΓÄ»ΓÄ»ΓÄ»ΓÄ»ΓÄ»ΓÄ»Γ
Ä»ΓÄ»ΓÄ»ΓÄ»ΓÄ»ΓÄ»ΓÄ»ΓÄ»ΓÄ»ΓÄ»ΓÄ»ΓÄ
»ΓÄ»ΓÄ»ΓÄ»ΓÄ»[1/2]ΓÄ»[22m[39m

[41m[1m FAIL [22m[49m src/lib/
tests/AudioInputService.spec.ts[2
m > [22mAudioInputService[2m > 
[22mshould not use the old 
broken model URL
[31m[1mTypeError[22m: Cannot 
read properties of undefined 
(reading 'getUserMedia')[39m
[36m [2mΓ¥»[22m 
AudioInputService.start src/lib/Au
dioInputService.ts:[2m47:47[22m
[39m
    [90m 45| [39m   
[35mawait[39m [35mthis[39m[33
m.[39maudioContext[33m.[39m[34
mresume[39m()[33m;[39m
    [90m 46| [39m
    [90m 47| [39m   this.stream 
= await navigator.mediaDevices.get
UserMedia({ audio: trΓÇª
    [90m   | [39m               
                               
[31m^[39m
    [90m 48| [39m   
this.sourceNode = this.audioContex
t.createMediaStreamSource(this.stΓ
Çª
    [90m 49| [39m
[90m [2mΓ¥»[22m src/lib/tests/A
udioInputService.spec.ts:[2m60:3
[22m[39m


[2m Test Files [22m [1m[31m1 failed[39m[22m[90m (1)[39m
[2m      Tests [22m [1m[31m2 failed[39m[22m[2m | [22m[1m[32m5 passed[39m[22m[90m (7)[39m
[2m   Start at [22m 22:47:35
[2m   Duration [22m 526ms

[1m[41m FAIL [49m[22m [31mTests failed. Watching for file changes...[39m
       [2mpress [22m[1mh[22m[2m to show help[22m[2m, [22m[2mpress [22m[1mq[22m[2m to quit[22m
[31m[2mΓÄ»ΓÄ»ΓÄ»ΓÄ»ΓÄ»ΓÄ»ΓÄ»ΓÄ»Γ
Ä»ΓÄ»ΓÄ»ΓÄ»ΓÄ»ΓÄ»ΓÄ»ΓÄ»ΓÄ»ΓÄ»ΓÄ»ΓÄ
»ΓÄ»ΓÄ»ΓÄ»ΓÄ»[2/2]ΓÄ»[22m[39m

c[3J[1m[44m RERUN [49m[22m [34m[2msrc/lib/AudioInputService.ts [22m[34mx5 [34m[39m
       [2m Filename pattern: [22m[34msrc/lib/tests/AudioInputService.spec.ts[39m

[90mstdout[2m | src/lib/tests/AudioInputService.spec.ts[2m > [22m[2mAudioInputService[2m > [22m[2mshould use the correct model URL
[22m[39mMockBasicPitch constructor called with: https://unpkg.com/@spotify/basic-pitch@1.0.1/model/model.json

[90mstderr[2m | src/lib/tests/Au
dioInputService.spec.ts[2m > 
[22m[2mAudioInputService[2m > 
[22m[2mshould use the correct 
model URL
[22m[39mError starting audio 
input: TypeError: Cannot read 
properties of undefined (reading 
'getUserMedia')
    at AudioInputService.start (D:
/Projects/jazz_midi/src/lib/AudioI
nputService.ts:47:47)
[90m    at 
processTicksAndRejections (node:in
ternal/process/task_queues:105:5)
[39m
    at D:/Projects/jazz_midi/src/l
ib/tests/AudioInputService.spec.ts
:42:3
    at [90mfile:///D:/Projects/ja
zz_midi/[39mnode_modules/[4m@vit
est[24m/runner/dist/index.js:919:
20

[90mstdout[2m | src/lib/tests/AudioInputService.spec.ts[2m > [22m[2mAudioInputService[2m > [22m[2mshould not use the old broken model URL
[22m[39mMockBasicPitch constructor called with: https://unpkg.com/@spotify/basic-pitch@1.0.1/model/model.json

[90mstderr[2m | src/lib/tests/Au
dioInputService.spec.ts[2m > 
[22m[2mAudioInputService[2m > 
[22m[2mshould not use the old 
broken model URL
[22m[39mError starting audio 
input: TypeError: Cannot read 
properties of undefined (reading 
'getUserMedia')
    at AudioInputService.start (D:
/Projects/jazz_midi/src/lib/AudioI
nputService.ts:47:47)
[90m    at 
processTicksAndRejections (node:in
ternal/process/task_queues:105:5)
[39m
    at D:/Projects/jazz_midi/src/l
ib/tests/AudioInputService.spec.ts
:60:3
    at [90mfile:///D:/Projects/ja
zz_midi/[39mnode_modules/[4m@vit
est[24m/runner/dist/index.js:919:
20

 [31mΓ¥»[39m src/lib/tests/AudioInputService.spec.ts [2m([22m[2m7 tests[22m[2m | [22m[31m2 failed[39m[2m)[22m[32m 16[2mms[22m[39m
     [32mΓ£ô[39m should be a singleton[32m 2[2mms[22m[39m
[31m     [31m├ù[31m should use the correct model URL[39m[32m 8[2mms[22m[39m
[31m     [31m├ù[31m should not use the old broken model URL[39m[32m 2[2mms[22m[39m
     [32mΓ£ô[39m should initialize with empty listeners[32m 0[2mms[22m[39m
     [32mΓ£ô[39m should allow adding listeners[32m 1[2mms[22m[39m
     [32mΓ£ô[39m should allow removing listeners[32m 0[2mms[22m[39m
     [32mΓ£ô[39m should not be recording initially[32m 0[2mms[22m[39m

[31mΓÄ»ΓÄ»ΓÄ»ΓÄ»ΓÄ»ΓÄ»ΓÄ»[39m[1
m[41m Failed Tests 2 [49m[22m[
31mΓÄ»ΓÄ»ΓÄ»ΓÄ»ΓÄ»ΓÄ»ΓÄ»[39m

[41m[1m FAIL [22m[49m src/lib/
tests/AudioInputService.spec.ts[2
m > [22mAudioInputService[2m > 
[22mshould use the correct model 
URL
[31m[1mTypeError[22m: Cannot 
read properties of undefined 
(reading 'getUserMedia')[39m
[36m [2mΓ¥»[22m 
AudioInputService.start src/lib/Au
dioInputService.ts:[2m47:47[22m
[39m
    [90m 45| [39m   
[35mawait[39m [35mthis[39m[33
m.[39maudioContext[33m.[39m[34
mresume[39m()[33m;[39m
    [90m 46| [39m
    [90m 47| [39m   this.stream 
= await navigator.mediaDevices.get
UserMedia({ audio: trΓÇª
    [90m   | [39m               
                               
[31m^[39m
    [90m 48| [39m   
this.sourceNode = this.audioContex
t.createMediaStreamSource(this.stΓ
Çª
    [90m 49| [39m
[90m [2mΓ¥»[22m src/lib/tests/A
udioInputService.spec.ts:[2m42:3
[22m[39m

[31m[2mΓÄ»ΓÄ»ΓÄ»ΓÄ»ΓÄ»ΓÄ»ΓÄ»ΓÄ»Γ
Ä»ΓÄ»ΓÄ»ΓÄ»ΓÄ»ΓÄ»ΓÄ»ΓÄ»ΓÄ»ΓÄ»ΓÄ»ΓÄ
»ΓÄ»ΓÄ»ΓÄ»ΓÄ»[1/2]ΓÄ»[22m[39m

[41m[1m FAIL [22m[49m src/lib/
tests/AudioInputService.spec.ts[2
m > [22mAudioInputService[2m > 
[22mshould not use the old 
broken model URL
[31m[1mTypeError[22m: Cannot 
read properties of undefined 
(reading 'getUserMedia')[39m
[36m [2mΓ¥»[22m 
AudioInputService.start src/lib/Au
dioInputService.ts:[2m47:47[22m
[39m
    [90m 45| [39m   
[35mawait[39m [35mthis[39m[33
m.[39maudioContext[33m.[39m[34
mresume[39m()[33m;[39m
    [90m 46| [39m
    [90m 47| [39m   this.stream 
= await navigator.mediaDevices.get
UserMedia({ audio: trΓÇª
    [90m   | [39m               
                               
[31m^[39m
    [90m 48| [39m   
this.sourceNode = this.audioContex
t.createMediaStreamSource(this.stΓ
Çª
    [90m 49| [39m
[90m [2mΓ¥»[22m src/lib/tests/A
udioInputService.spec.ts:[2m60:3
[22m[39m

[31m[2mΓÄ»ΓÄ»ΓÄ»ΓÄ»ΓÄ»ΓÄ»ΓÄ»ΓÄ»Γ
Ä»ΓÄ»ΓÄ»ΓÄ»ΓÄ»ΓÄ»ΓÄ»ΓÄ»ΓÄ»ΓÄ»ΓÄ»ΓÄ
»ΓÄ»ΓÄ»ΓÄ»ΓÄ»[2/2]ΓÄ»[22m[39m


[2m Test Files [22m [1m[31m1 failed[39m[22m[90m (1)[39m
[2m      Tests [22m [1m[31m2 failed[39m[22m[2m | [22m[1m[32m5 passed[39m[22m[90m (7)[39m
[2m   Start at [22m 22:47:41
[2m   Duration [22m 381ms

[1m[41m FAIL [49m[22m [31mTests failed. Watching for file changes...[39m
       [2mpress [22m[1mh[22m[2m to show help[22m[2m, [22m[2mpress [22m[1mq[22m[2m to quit[22m
c[3J[1m[44m RERUN [49m[22m [34m[2msrc/lib/AudioInputService.ts [22m[34mx6 [34m[39m
       [2m Filename pattern: [22m[34msrc/lib/tests/AudioInputService.spec.ts[39m

[90mstdout[2m | src/lib/tests/AudioInputService.spec.ts[2m > [22m[2mAudioInputService[2m > [22m[2mshould use the correct model URL
[22m[39mMockBasicPitch constructor called with: https://unpkg.com/@spotify/basic-pitch@1.0.1/model/model.json

[90mstderr[2m | src/lib/tests/Au
dioInputService.spec.ts[2m > 
[22m[2mAudioInputService[2m > 
[22m[2mshould use the correct 
model URL
[22m[39mError starting audio 
input: TypeError: Cannot read 
properties of undefined (reading 
'getUserMedia')
    at AudioInputService.start (D:
/Projects/jazz_midi/src/lib/AudioI
nputService.ts:47:47)
[90m    at 
processTicksAndRejections (node:in
ternal/process/task_queues:105:5)
[39m
    at D:/Projects/jazz_midi/src/l
ib/tests/AudioInputService.spec.ts
:42:3
    at [90mfile:///D:/Projects/ja
zz_midi/[39mnode_modules/[4m@vit
est[24m/runner/dist/index.js:919:
20

[90mstdout[2m | src/lib/tests/AudioInputService.spec.ts[2m > [22m[2mAudioInputService[2m > [22m[2mshould not use the old broken model URL
[22m[39mMockBasicPitch constructor called with: https://unpkg.com/@spotify/basic-pitch@1.0.1/model/model.json

[90mstderr[2m | src/lib/tests/Au
dioInputService.spec.ts[2m > 
[22m[2mAudioInputService[2m > 
[22m[2mshould not use the old 
broken model URL
[22m[39mError starting audio 
input: TypeError: Cannot read 
properties of undefined (reading 
'getUserMedia')
    at AudioInputService.start (D:
/Projects/jazz_midi/src/lib/AudioI
nputService.ts:47:47)
[90m    at 
processTicksAndRejections (node:in
ternal/process/task_queues:105:5)
[39m
    at D:/Projects/jazz_midi/src/l
ib/tests/AudioInputService.spec.ts
:60:3
    at [90mfile:///D:/Projects/ja
zz_midi/[39mnode_modules/[4m@vit
est[24m/runner/dist/index.js:919:
20

 [31mΓ¥»[39m src/lib/tests/AudioInputService.spec.ts [2m([22m[2m7 tests[22m[2m | [22m[31m2 failed[39m[2m)[22m[32m 16[2mms[22m[39m
     [32mΓ£ô[39m should be a singleton[32m 2[2mms[22m[39m
[31m     [31m├ù[31m should use the correct model URL[39m[32m 8[2mms[22m[39m
[31m     [31m├ù[31m should not use the old broken model URL[39m[32m 2[2mms[22m[39m
     [32mΓ£ô[39m should initialize with empty listeners[32m 0[2mms[22m[39m
     [32mΓ£ô[39m should allow adding listeners[32m 1[2mms[22m[39m
     [32mΓ£ô[39m should allow removing listeners[32m 0[2mms[22m[39m
     [32mΓ£ô[39m should not be recording initially[32m 0[2mms[22m[39m

[31mΓÄ»ΓÄ»ΓÄ»ΓÄ»ΓÄ»ΓÄ»ΓÄ»[39m[1
m[41m Failed Tests 2 [49m[22m[
31mΓÄ»ΓÄ»ΓÄ»ΓÄ»ΓÄ»ΓÄ»ΓÄ»[39m

[41m[1m FAIL [22m[49m src/lib/
tests/AudioInputService.spec.ts[2
m > [22mAudioInputService[2m > 
[22mshould use the correct model 
URL
[31m[1mTypeError[22m: Cannot 
read properties of undefined 
(reading 'getUserMedia')[39m
[36m [2mΓ¥»[22m 
AudioInputService.start src/lib/Au
dioInputService.ts:[2m47:47[22m
[39m
    [90m 45| [39m   
[35mawait[39m [35mthis[39m[33
m.[39maudioContext[33m.[39m[34
mresume[39m()[33m;[39m
    [90m 46| [39m
    [90m 47| [39m   this.stream 
= await navigator.mediaDevices.get
UserMedia({ audio: trΓÇª
    [90m   | [39m               
                               
[31m^[39m
    [90m 48| [39m   
this.sourceNode = this.audioContex
t.createMediaStreamSource(this.stΓ
Çª
    [90m 49| [39m
[90m [2mΓ¥»[22m src/lib/tests/A
udioInputService.spec.ts:[2m42:3
[22m[39m

[31m[2mΓÄ»ΓÄ»ΓÄ»ΓÄ»ΓÄ»ΓÄ»ΓÄ»ΓÄ»Γ
Ä»ΓÄ»ΓÄ»ΓÄ»ΓÄ»ΓÄ»ΓÄ»ΓÄ»ΓÄ»ΓÄ»ΓÄ»ΓÄ
»ΓÄ»ΓÄ»ΓÄ»ΓÄ»[1/2]ΓÄ»[22m[39m

[41m[1m FAIL [22m[49m src/lib/
tests/AudioInputService.spec.ts[2
m > [22mAudioInputService[2m > 
[22mshould not use the old 
broken model URL
[31m[1mTypeError[22m: Cannot 
read properties of undefined 
(reading 'getUserMedia')[39m
[36m [2mΓ¥»[22m 
AudioInputService.start src/lib/Au
dioInputService.ts:[2m47:47[22m
[39m
    [90m 45| [39m   
[35mawait[39m [35mthis[39m[33
m.[39maudioContext[33m.[39m[34
mresume[39m()[33m;[39m
    [90m 46| [39m
    [90m 47| [39m   this.stream 
= await navigator.mediaDevices.get
UserMedia({ audio: trΓÇª
    [90m   | [39m               
                               
[31m^[39m
    [90m 48| [39m   
this.sourceNode = this.audioContex
t.createMediaStreamSource(this.stΓ
Çª
    [90m 49| [39m
[90m [2mΓ¥»[22m src/lib/tests/A
udioInputService.spec.ts:[2m60:3
[22m[39m

[31m[2mΓÄ»ΓÄ»ΓÄ»ΓÄ»ΓÄ»ΓÄ»ΓÄ»ΓÄ»Γ
Ä»ΓÄ»ΓÄ»ΓÄ»ΓÄ»ΓÄ»ΓÄ»ΓÄ»ΓÄ»ΓÄ»ΓÄ»ΓÄ
»ΓÄ»ΓÄ»ΓÄ»ΓÄ»[2/2]ΓÄ»[22m[39m


[2m Test Files [22m [1m[31m1 failed[39m[22m[90m (1)[39m
[2m      Tests [22m [1m[31m2 failed[39m[22m[2m | [22m[1m[32m5 passed[39m[22m[90m (7)[39m
[2m   Start at [22m 09:11:17
[2m   Duration [22m 2.65s

[1m[41m FAIL [49m[22m [31mTests failed. Watching for file changes...[39m
       [2mpress [22m[1mh[22m[2m to show help[22m[2m, [22m[2mpress [22m[1mq[22m[2m to quit[22m
